/Users/hamzaplojovic/projects/startups/chronotail/bench/competitive/build/competitive append chronotail /Users/hamzaplojovic/projects/startups/chronotail/bench/competitive/work/chronotail.db 10000000 1 0 raw smooth 1 append-A-none
/Users/hamzaplojovic/projects/startups/chronotail/bench/competitive/build/competitive append nanots /Users/hamzaplojovic/projects/startups/chronotail/bench/competitive/work/nanots.db 10000000 1 0 raw smooth 1 append-A-none
/Users/hamzaplojovic/projects/startups/chronotail/bench/competitive/build/competitive append sqlite /Users/hamzaplojovic/projects/startups/chronotail/bench/competitive/work/sqlite.db 10000000 1 0 raw smooth 1 append-A-none
/Users/hamzaplojovic/projects/startups/chronotail/bench/competitive/build/competitive append chronotail /Users/hamzaplojovic/projects/startups/chronotail/bench/competitive/work/chronotail.db 10000000 1 655360 raw smooth 1 append-B-10MiB
/Users/hamzaplojovic/projects/startups/chronotail/bench/competitive/build/competitive append nanots /Users/hamzaplojovic/projects/startups/chronotail/bench/competitive/work/nanots.db 10000000 1 655360 raw smooth 1 append-B-10MiB
/Users/hamzaplojovic/projects/startups/chronotail/bench/competitive/build/competitive append sqlite /Users/hamzaplojovic/projects/startups/chronotail/bench/competitive/work/sqlite.db 10000000 1 655360 raw smooth 1 append-B-10MiB
/Users/hamzaplojovic/projects/startups/chronotail/bench/competitive/build/competitive append chronotail /Users/hamzaplojovic/projects/startups/chronotail/bench/competitive/work/chronotail.db 10000000 1 65536 raw smooth 1 append-C-1MiB
/Users/hamzaplojovic/projects/startups/chronotail/bench/competitive/build/competitive append nanots /Users/hamzaplojovic/projects/startups/chronotail/bench/competitive/work/nanots.db 10000000 1 65536 raw smooth 1 append-C-1MiB
/Users/hamzaplojovic/projects/startups/chronotail/bench/competitive/build/competitive append sqlite /Users/hamzaplojovic/projects/startups/chronotail/bench/competitive/work/sqlite.db 10000000 1 65536 raw smooth 1 append-C-1MiB
/Users/hamzaplojovic/projects/startups/chronotail/bench/competitive/build/competitive append chronotail /Users/hamzaplojovic/projects/startups/chronotail/bench/competitive/work/chronotail.db 1000000 8 655360 raw smooth 1 append-8-series
/Users/hamzaplojovic/projects/startups/chronotail/bench/competitive/build/competitive append nanots /Users/hamzaplojovic/projects/startups/chronotail/bench/competitive/work/nanots.db 1000000 8 655360 raw smooth 1 append-8-series
/Users/hamzaplojovic/projects/startups/chronotail/bench/competitive/build/competitive append sqlite /Users/hamzaplojovic/projects/startups/chronotail/bench/competitive/work/sqlite.db 1000000 8 655360 raw smooth 1 append-8-series
/Users/hamzaplojovic/projects/startups/chronotail/bench/competitive/build/competitive query chronotail /Users/hamzaplojovic/projects/startups/chronotail/bench/competitive/work/chronotail.db 1000000 100000 1 raw 1 point-lookup-warm 4243
/Users/hamzaplojovic/projects/startups/chronotail/bench/competitive/build/competitive query nanots /Users/hamzaplojovic/projects/startups/chronotail/bench/competitive/work/nanots.db 1000000 100000 1 raw 1 point-lookup-warm 4243
/Users/hamzaplojovic/projects/startups/chronotail/bench/competitive/build/competitive query sqlite /Users/hamzaplojovic/projects/startups/chronotail/bench/competitive/work/sqlite.db 1000000 100000 1 raw 1 point-lookup-warm 4243
/Users/hamzaplojovic/projects/startups/chronotail/bench/competitive/build/competitive query chronotail /Users/hamzaplojovic/projects/startups/chronotail/bench/competitive/work/chronotail.db 1000000 100000 100 raw 1 range-100-raw-warm 5253
/Users/hamzaplojovic/projects/startups/chronotail/bench/competitive/build/competitive query nanots /Users/hamzaplojovic/projects/startups/chronotail/bench/competitive/work/nanots.db 1000000 100000 100 raw 1 range-100-raw-warm 5253
/Users/hamzaplojovic/projects/startups/chronotail/bench/competitive/build/competitive query sqlite /Users/hamzaplojovic/projects/startups/chronotail/bench/competitive/work/sqlite.db 1000000 100000 100 raw 1 range-100-raw-warm 5253
/Users/hamzaplojovic/projects/startups/chronotail/bench/competitive/build/competitive query chronotail /Users/hamzaplojovic/projects/startups/chronotail/bench/competitive/work/chronotail.db 1000000 100000 100 compressed 1 range-100-compressed-warm 5253
/Users/hamzaplojovic/projects/startups/chronotail/bench/competitive/build/competitive concurrent chronotail /Users/hamzaplojovic/projects/startups/chronotail/bench/competitive/work/chronotail.db 1 10 1 concurrent-1
/Users/hamzaplojovic/projects/startups/chronotail/bench/competitive/build/competitive concurrent nanots /Users/hamzaplojovic/projects/startups/chronotail/bench/competitive/work/nanots.db 1 10 1 concurrent-1
/Users/hamzaplojovic/projects/startups/chronotail/bench/competitive/build/competitive concurrent sqlite /Users/hamzaplojovic/projects/startups/chronotail/bench/competitive/work/sqlite.db 1 10 1 concurrent-1
/Users/hamzaplojovic/projects/startups/chronotail/bench/competitive/build/competitive concurrent chronotail /Users/hamzaplojovic/projects/startups/chronotail/bench/competitive/work/chronotail.db 8 10 1 concurrent-8
/Users/hamzaplojovic/projects/startups/chronotail/bench/competitive/build/competitive concurrent nanots /Users/hamzaplojovic/projects/startups/chronotail/bench/competitive/work/nanots.db 8 10 1 concurrent-8
/Users/hamzaplojovic/projects/startups/chronotail/bench/competitive/build/competitive concurrent sqlite /Users/hamzaplojovic/projects/startups/chronotail/bench/competitive/work/sqlite.db 8 10 1 concurrent-8
/Users/hamzaplojovic/projects/startups/chronotail/bench/competitive/build/competitive concurrent chronotail /Users/hamzaplojovic/projects/startups/chronotail/bench/competitive/work/chronotail.db 32 10 1 concurrent-32
/Users/hamzaplojovic/projects/startups/chronotail/bench/competitive/build/competitive concurrent nanots /Users/hamzaplojovic/projects/startups/chronotail/bench/competitive/work/nanots.db 32 10 1 concurrent-32
/Users/hamzaplojovic/projects/startups/chronotail/bench/competitive/build/competitive concurrent sqlite /Users/hamzaplojovic/projects/startups/chronotail/bench/competitive/work/sqlite.db 32 10 1 concurrent-32
/Users/hamzaplojovic/projects/startups/chronotail/bench/competitive/build/competitive append chronotail /Users/hamzaplojovic/projects/startups/chronotail/bench/competitive/work/ct-raw.db 10000000 1 0 raw smooth 1 storage-smooth-raw
/Users/hamzaplojovic/projects/startups/chronotail/bench/competitive/build/competitive append chronotail /Users/hamzaplojovic/projects/startups/chronotail/bench/competitive/work/ct-compressed.db 10000000 1 0 compressed smooth 1 storage-smooth-compressed
/Users/hamzaplojovic/projects/startups/chronotail/bench/competitive/build/competitive append nanots /Users/hamzaplojovic/projects/startups/chronotail/bench/competitive/work/nanots.db 10000000 1 0 raw smooth 1 storage-smooth
/Users/hamzaplojovic/projects/startups/chronotail/bench/competitive/build/competitive append sqlite /Users/hamzaplojovic/projects/startups/chronotail/bench/competitive/work/sqlite.db 10000000 1 0 raw smooth 1 storage-smooth
/Users/hamzaplojovic/projects/startups/chronotail/bench/competitive/build/competitive append chronotail /Users/hamzaplojovic/projects/startups/chronotail/bench/competitive/work/ct-raw.db 10000000 1 0 raw random 1 storage-random-raw
/Users/hamzaplojovic/projects/startups/chronotail/bench/competitive/build/competitive append chronotail /Users/hamzaplojovic/projects/startups/chronotail/bench/competitive/work/ct-compressed.db 10000000 1 0 compressed random 1 storage-random-compressed
/Users/hamzaplojovic/projects/startups/chronotail/bench/competitive/build/competitive append nanots /Users/hamzaplojovic/projects/startups/chronotail/bench/competitive/work/nanots.db 10000000 1 0 raw random 1 storage-random
/Users/hamzaplojovic/projects/startups/chronotail/bench/competitive/build/competitive append sqlite /Users/hamzaplojovic/projects/startups/chronotail/bench/competitive/work/sqlite.db 10000000 1 0 raw random 1 storage-random
/Users/hamzaplojovic/projects/startups/chronotail/bench/competitive/build/competitive append nanots /Users/hamzaplojovic/projects/startups/chronotail/bench/competitive/work/nanots.db 10000000 1 0 raw smooth 2 append-A-none
/Users/hamzaplojovic/projects/startups/chronotail/bench/competitive/build/competitive append sqlite /Users/hamzaplojovic/projects/startups/chronotail/bench/competitive/work/sqlite.db 10000000 1 0 raw smooth 2 append-A-none
/Users/hamzaplojovic/projects/startups/chronotail/bench/competitive/build/competitive append chronotail /Users/hamzaplojovic/projects/startups/chronotail/bench/competitive/work/chronotail.db 10000000 1 0 raw smooth 2 append-A-none
/Users/hamzaplojovic/projects/startups/chronotail/bench/competitive/build/competitive append nanots /Users/hamzaplojovic/projects/startups/chronotail/bench/competitive/work/nanots.db 10000000 1 655360 raw smooth 2 append-B-10MiB
/Users/hamzaplojovic/projects/startups/chronotail/bench/competitive/build/competitive append sqlite /Users/hamzaplojovic/projects/startups/chronotail/bench/competitive/work/sqlite.db 10000000 1 655360 raw smooth 2 append-B-10MiB
/Users/hamzaplojovic/projects/startups/chronotail/bench/competitive/build/competitive append chronotail /Users/hamzaplojovic/projects/startups/chronotail/bench/competitive/work/chronotail.db 10000000 1 655360 raw smooth 2 append-B-10MiB
/Users/hamzaplojovic/projects/startups/chronotail/bench/competitive/build/competitive append nanots /Users/hamzaplojovic/projects/startups/chronotail/bench/competitive/work/nanots.db 10000000 1 65536 raw smooth 2 append-C-1MiB
/Users/hamzaplojovic/projects/startups/chronotail/bench/competitive/build/competitive append sqlite /Users/hamzaplojovic/projects/startups/chronotail/bench/competitive/work/sqlite.db 10000000 1 65536 raw smooth 2 append-C-1MiB
/Users/hamzaplojovic/projects/startups/chronotail/bench/competitive/build/competitive append chronotail /Users/hamzaplojovic/projects/startups/chronotail/bench/competitive/work/chronotail.db 10000000 1 65536 raw smooth 2 append-C-1MiB
/Users/hamzaplojovic/projects/startups/chronotail/bench/competitive/build/competitive append nanots /Users/hamzaplojovic/projects/startups/chronotail/bench/competitive/work/nanots.db 1000000 8 655360 raw smooth 2 append-8-series
/Users/hamzaplojovic/projects/startups/chronotail/bench/competitive/build/competitive append sqlite /Users/hamzaplojovic/projects/startups/chronotail/bench/competitive/work/sqlite.db 1000000 8 655360 raw smooth 2 append-8-series
/Users/hamzaplojovic/projects/startups/chronotail/bench/competitive/build/competitive append chronotail /Users/hamzaplojovic/projects/startups/chronotail/bench/competitive/work/chronotail.db 1000000 8 655360 raw smooth 2 append-8-series
/Users/hamzaplojovic/projects/startups/chronotail/bench/competitive/build/competitive query nanots /Users/hamzaplojovic/projects/startups/chronotail/bench/competitive/work/nanots.db 1000000 100000 1 raw 2 point-lookup-warm 4244
/Users/hamzaplojovic/projects/startups/chronotail/bench/competitive/build/competitive query sqlite /Users/hamzaplojovic/projects/startups/chronotail/bench/competitive/work/sqlite.db 1000000 100000 1 raw 2 point-lookup-warm 4244
/Users/hamzaplojovic/projects/startups/chronotail/bench/competitive/build/competitive query chronotail /Users/hamzaplojovic/projects/startups/chronotail/bench/competitive/work/chronotail.db 1000000 100000 1 raw 2 point-lookup-warm 4244
/Users/hamzaplojovic/projects/startups/chronotail/bench/competitive/build/competitive query nanots /Users/hamzaplojovic/projects/startups/chronotail/bench/competitive/work/nanots.db 1000000 100000 100 raw 2 range-100-raw-warm 5254
/Users/hamzaplojovic/projects/startups/chronotail/bench/competitive/build/competitive query sqlite /Users/hamzaplojovic/projects/startups/chronotail/bench/competitive/work/sqlite.db 1000000 100000 100 raw 2 range-100-raw-warm 5254
/Users/hamzaplojovic/projects/startups/chronotail/bench/competitive/build/competitive query chronotail /Users/hamzaplojovic/projects/startups/chronotail/bench/competitive/work/chronotail.db 1000000 100000 100 raw 2 range-100-raw-warm 5254
/Users/hamzaplojovic/projects/startups/chronotail/bench/competitive/build/competitive query chronotail /Users/hamzaplojovic/projects/startups/chronotail/bench/competitive/work/chronotail.db 1000000 100000 100 compressed 2 range-100-compressed-warm 5254
/Users/hamzaplojovic/projects/startups/chronotail/bench/competitive/build/competitive concurrent nanots /Users/hamzaplojovic/projects/startups/chronotail/bench/competitive/work/nanots.db 1 10 2 concurrent-1
/Users/hamzaplojovic/projects/startups/chronotail/bench/competitive/build/competitive concurrent sqlite /Users/hamzaplojovic/projects/startups/chronotail/bench/competitive/work/sqlite.db 1 10 2 concurrent-1
/Users/hamzaplojovic/projects/startups/chronotail/bench/competitive/build/competitive concurrent chronotail /Users/hamzaplojovic/projects/startups/chronotail/bench/competitive/work/chronotail.db 1 10 2 concurrent-1
/Users/hamzaplojovic/projects/startups/chronotail/bench/competitive/build/competitive concurrent nanots /Users/hamzaplojovic/projects/startups/chronotail/bench/competitive/work/nanots.db 8 10 2 concurrent-8
/Users/hamzaplojovic/projects/startups/chronotail/bench/competitive/build/competitive concurrent sqlite /Users/hamzaplojovic/projects/startups/chronotail/bench/competitive/work/sqlite.db 8 10 2 concurrent-8
/Users/hamzaplojovic/projects/startups/chronotail/bench/competitive/build/competitive concurrent chronotail /Users/hamzaplojovic/projects/startups/chronotail/bench/competitive/work/chronotail.db 8 10 2 concurrent-8
/Users/hamzaplojovic/projects/startups/chronotail/bench/competitive/build/competitive concurrent nanots /Users/hamzaplojovic/projects/startups/chronotail/bench/competitive/work/nanots.db 32 10 2 concurrent-32
/Users/hamzaplojovic/projects/startups/chronotail/bench/competitive/build/competitive concurrent sqlite /Users/hamzaplojovic/projects/startups/chronotail/bench/competitive/work/sqlite.db 32 10 2 concurrent-32
/Users/hamzaplojovic/projects/startups/chronotail/bench/competitive/build/competitive concurrent chronotail /Users/hamzaplojovic/projects/startups/chronotail/bench/competitive/work/chronotail.db 32 10 2 concurrent-32
/Users/hamzaplojovic/projects/startups/chronotail/bench/competitive/build/competitive append chronotail /Users/hamzaplojovic/projects/startups/chronotail/bench/competitive/work/ct-raw.db 10000000 1 0 raw smooth 2 storage-smooth-raw
/Users/hamzaplojovic/projects/startups/chronotail/bench/competitive/build/competitive append chronotail /Users/hamzaplojovic/projects/startups/chronotail/bench/competitive/work/ct-compressed.db 10000000 1 0 compressed smooth 2 storage-smooth-compressed
/Users/hamzaplojovic/projects/startups/chronotail/bench/competitive/build/competitive append nanots /Users/hamzaplojovic/projects/startups/chronotail/bench/competitive/work/nanots.db 10000000 1 0 raw smooth 2 storage-smooth
/Users/hamzaplojovic/projects/startups/chronotail/bench/competitive/build/competitive append sqlite /Users/hamzaplojovic/projects/startups/chronotail/bench/competitive/work/sqlite.db 10000000 1 0 raw smooth 2 storage-smooth
/Users/hamzaplojovic/projects/startups/chronotail/bench/competitive/build/competitive append chronotail /Users/hamzaplojovic/projects/startups/chronotail/bench/competitive/work/ct-raw.db 10000000 1 0 raw random 2 storage-random-raw
/Users/hamzaplojovic/projects/startups/chronotail/bench/competitive/build/competitive append chronotail /Users/hamzaplojovic/projects/startups/chronotail/bench/competitive/work/ct-compressed.db 10000000 1 0 compressed random 2 storage-random-compressed
/Users/hamzaplojovic/projects/startups/chronotail/bench/competitive/build/competitive append nanots /Users/hamzaplojovic/projects/startups/chronotail/bench/competitive/work/nanots.db 10000000 1 0 raw random 2 storage-random
/Users/hamzaplojovic/projects/startups/chronotail/bench/competitive/build/competitive append sqlite /Users/hamzaplojovic/projects/startups/chronotail/bench/competitive/work/sqlite.db 10000000 1 0 raw random 2 storage-random
/Users/hamzaplojovic/projects/startups/chronotail/bench/competitive/build/competitive append sqlite /Users/hamzaplojovic/projects/startups/chronotail/bench/competitive/work/sqlite.db 10000000 1 0 raw smooth 3 append-A-none
/Users/hamzaplojovic/projects/startups/chronotail/bench/competitive/build/competitive append chronotail /Users/hamzaplojovic/projects/startups/chronotail/bench/competitive/work/chronotail.db 10000000 1 0 raw smooth 3 append-A-none
/Users/hamzaplojovic/projects/startups/chronotail/bench/competitive/build/competitive append nanots /Users/hamzaplojovic/projects/startups/chronotail/bench/competitive/work/nanots.db 10000000 1 0 raw smooth 3 append-A-none
/Users/hamzaplojovic/projects/startups/chronotail/bench/competitive/build/competitive append sqlite /Users/hamzaplojovic/projects/startups/chronotail/bench/competitive/work/sqlite.db 10000000 1 655360 raw smooth 3 append-B-10MiB
/Users/hamzaplojovic/projects/startups/chronotail/bench/competitive/build/competitive append chronotail /Users/hamzaplojovic/projects/startups/chronotail/bench/competitive/work/chronotail.db 10000000 1 655360 raw smooth 3 append-B-10MiB
/Users/hamzaplojovic/projects/startups/chronotail/bench/competitive/build/competitive append nanots /Users/hamzaplojovic/projects/startups/chronotail/bench/competitive/work/nanots.db 10000000 1 655360 raw smooth 3 append-B-10MiB
/Users/hamzaplojovic/projects/startups/chronotail/bench/competitive/build/competitive append sqlite /Users/hamzaplojovic/projects/startups/chronotail/bench/competitive/work/sqlite.db 10000000 1 65536 raw smooth 3 append-C-1MiB
/Users/hamzaplojovic/projects/startups/chronotail/bench/competitive/build/competitive append chronotail /Users/hamzaplojovic/projects/startups/chronotail/bench/competitive/work/chronotail.db 10000000 1 65536 raw smooth 3 append-C-1MiB
/Users/hamzaplojovic/projects/startups/chronotail/bench/competitive/build/competitive append nanots /Users/hamzaplojovic/projects/startups/chronotail/bench/competitive/work/nanots.db 10000000 1 65536 raw smooth 3 append-C-1MiB
/Users/hamzaplojovic/projects/startups/chronotail/bench/competitive/build/competitive append sqlite /Users/hamzaplojovic/projects/startups/chronotail/bench/competitive/work/sqlite.db 1000000 8 655360 raw smooth 3 append-8-series
/Users/hamzaplojovic/projects/startups/chronotail/bench/competitive/build/competitive append chronotail /Users/hamzaplojovic/projects/startups/chronotail/bench/competitive/work/chronotail.db 1000000 8 655360 raw smooth 3 append-8-series
/Users/hamzaplojovic/projects/startups/chronotail/bench/competitive/build/competitive append nanots /Users/hamzaplojovic/projects/startups/chronotail/bench/competitive/work/nanots.db 1000000 8 655360 raw smooth 3 append-8-series
/Users/hamzaplojovic/projects/startups/chronotail/bench/competitive/build/competitive query sqlite /Users/hamzaplojovic/projects/startups/chronotail/bench/competitive/work/sqlite.db 1000000 100000 1 raw 3 point-lookup-warm 4245
/Users/hamzaplojovic/projects/startups/chronotail/bench/competitive/build/competitive query chronotail /Users/hamzaplojovic/projects/startups/chronotail/bench/competitive/work/chronotail.db 1000000 100000 1 raw 3 point-lookup-warm 4245
/Users/hamzaplojovic/projects/startups/chronotail/bench/competitive/build/competitive query nanots /Users/hamzaplojovic/projects/startups/chronotail/bench/competitive/work/nanots.db 1000000 100000 1 raw 3 point-lookup-warm 4245
/Users/hamzaplojovic/projects/startups/chronotail/bench/competitive/build/competitive query sqlite /Users/hamzaplojovic/projects/startups/chronotail/bench/competitive/work/sqlite.db 1000000 100000 100 raw 3 range-100-raw-warm 5255
/Users/hamzaplojovic/projects/startups/chronotail/bench/competitive/build/competitive query chronotail /Users/hamzaplojovic/projects/startups/chronotail/bench/competitive/work/chronotail.db 1000000 100000 100 raw 3 range-100-raw-warm 5255
/Users/hamzaplojovic/projects/startups/chronotail/bench/competitive/build/competitive query nanots /Users/hamzaplojovic/projects/startups/chronotail/bench/competitive/work/nanots.db 1000000 100000 100 raw 3 range-100-raw-warm 5255
/Users/hamzaplojovic/projects/startups/chronotail/bench/competitive/build/competitive query chronotail /Users/hamzaplojovic/projects/startups/chronotail/bench/competitive/work/chronotail.db 1000000 100000 100 compressed 3 range-100-compressed-warm 5255
/Users/hamzaplojovic/projects/startups/chronotail/bench/competitive/build/competitive concurrent sqlite /Users/hamzaplojovic/projects/startups/chronotail/bench/competitive/work/sqlite.db 1 10 3 concurrent-1
/Users/hamzaplojovic/projects/startups/chronotail/bench/competitive/build/competitive concurrent chronotail /Users/hamzaplojovic/projects/startups/chronotail/bench/competitive/work/chronotail.db 1 10 3 concurrent-1
/Users/hamzaplojovic/projects/startups/chronotail/bench/competitive/build/competitive concurrent nanots /Users/hamzaplojovic/projects/startups/chronotail/bench/competitive/work/nanots.db 1 10 3 concurrent-1
/Users/hamzaplojovic/projects/startups/chronotail/bench/competitive/build/competitive concurrent sqlite /Users/hamzaplojovic/projects/startups/chronotail/bench/competitive/work/sqlite.db 8 10 3 concurrent-8
/Users/hamzaplojovic/projects/startups/chronotail/bench/competitive/build/competitive concurrent chronotail /Users/hamzaplojovic/projects/startups/chronotail/bench/competitive/work/chronotail.db 8 10 3 concurrent-8
/Users/hamzaplojovic/projects/startups/chronotail/bench/competitive/build/competitive concurrent nanots /Users/hamzaplojovic/projects/startups/chronotail/bench/competitive/work/nanots.db 8 10 3 concurrent-8
/Users/hamzaplojovic/projects/startups/chronotail/bench/competitive/build/competitive concurrent sqlite /Users/hamzaplojovic/projects/startups/chronotail/bench/competitive/work/sqlite.db 32 10 3 concurrent-32
/Users/hamzaplojovic/projects/startups/chronotail/bench/competitive/build/competitive concurrent chronotail /Users/hamzaplojovic/projects/startups/chronotail/bench/competitive/work/chronotail.db 32 10 3 concurrent-32
/Users/hamzaplojovic/projects/startups/chronotail/bench/competitive/build/competitive concurrent nanots /Users/hamzaplojovic/projects/startups/chronotail/bench/competitive/work/nanots.db 32 10 3 concurrent-32
/Users/hamzaplojovic/projects/startups/chronotail/bench/competitive/build/competitive append chronotail /Users/hamzaplojovic/projects/startups/chronotail/bench/competitive/work/ct-raw.db 10000000 1 0 raw smooth 3 storage-smooth-raw
/Users/hamzaplojovic/projects/startups/chronotail/bench/competitive/build/competitive append chronotail /Users/hamzaplojovic/projects/startups/chronotail/bench/competitive/work/ct-compressed.db 10000000 1 0 compressed smooth 3 storage-smooth-compressed
/Users/hamzaplojovic/projects/startups/chronotail/bench/competitive/build/competitive append nanots /Users/hamzaplojovic/projects/startups/chronotail/bench/competitive/work/nanots.db 10000000 1 0 raw smooth 3 storage-smooth
/Users/hamzaplojovic/projects/startups/chronotail/bench/competitive/build/competitive append sqlite /Users/hamzaplojovic/projects/startups/chronotail/bench/competitive/work/sqlite.db 10000000 1 0 raw smooth 3 storage-smooth
/Users/hamzaplojovic/projects/startups/chronotail/bench/competitive/build/competitive append chronotail /Users/hamzaplojovic/projects/startups/chronotail/bench/competitive/work/ct-raw.db 10000000 1 0 raw random 3 storage-random-raw
/Users/hamzaplojovic/projects/startups/chronotail/bench/competitive/build/competitive append chronotail /Users/hamzaplojovic/projects/startups/chronotail/bench/competitive/work/ct-compressed.db 10000000 1 0 compressed random 3 storage-random-compressed
/Users/hamzaplojovic/projects/startups/chronotail/bench/competitive/build/competitive append nanots /Users/hamzaplojovic/projects/startups/chronotail/bench/competitive/work/nanots.db 10000000 1 0 raw random 3 storage-random
/Users/hamzaplojovic/projects/startups/chronotail/bench/competitive/build/competitive append sqlite /Users/hamzaplojovic/projects/startups/chronotail/bench/competitive/work/sqlite.db 10000000 1 0 raw random 3 storage-random
/Users/hamzaplojovic/projects/startups/chronotail/bench/competitive/build/competitive append chronotail /Users/hamzaplojovic/projects/startups/chronotail/bench/competitive/work/chronotail.db 10000000 1 0 raw smooth 4 append-A-none
/Users/hamzaplojovic/projects/startups/chronotail/bench/competitive/build/competitive append nanots /Users/hamzaplojovic/projects/startups/chronotail/bench/competitive/work/nanots.db 10000000 1 0 raw smooth 4 append-A-none
/Users/hamzaplojovic/projects/startups/chronotail/bench/competitive/build/competitive append sqlite /Users/hamzaplojovic/projects/startups/chronotail/bench/competitive/work/sqlite.db 10000000 1 0 raw smooth 4 append-A-none
/Users/hamzaplojovic/projects/startups/chronotail/bench/competitive/build/competitive append chronotail /Users/hamzaplojovic/projects/startups/chronotail/bench/competitive/work/chronotail.db 10000000 1 655360 raw smooth 4 append-B-10MiB
/Users/hamzaplojovic/projects/startups/chronotail/bench/competitive/build/competitive append nanots /Users/hamzaplojovic/projects/startups/chronotail/bench/competitive/work/nanots.db 10000000 1 655360 raw smooth 4 append-B-10MiB
/Users/hamzaplojovic/projects/startups/chronotail/bench/competitive/build/competitive append sqlite /Users/hamzaplojovic/projects/startups/chronotail/bench/competitive/work/sqlite.db 10000000 1 655360 raw smooth 4 append-B-10MiB
/Users/hamzaplojovic/projects/startups/chronotail/bench/competitive/build/competitive append chronotail /Users/hamzaplojovic/projects/startups/chronotail/bench/competitive/work/chronotail.db 10000000 1 65536 raw smooth 4 append-C-1MiB
/Users/hamzaplojovic/projects/startups/chronotail/bench/competitive/build/competitive append nanots /Users/hamzaplojovic/projects/startups/chronotail/bench/competitive/work/nanots.db 10000000 1 65536 raw smooth 4 append-C-1MiB
/Users/hamzaplojovic/projects/startups/chronotail/bench/competitive/build/competitive append sqlite /Users/hamzaplojovic/projects/startups/chronotail/bench/competitive/work/sqlite.db 10000000 1 65536 raw smooth 4 append-C-1MiB
/Users/hamzaplojovic/projects/startups/chronotail/bench/competitive/build/competitive append chronotail /Users/hamzaplojovic/projects/startups/chronotail/bench/competitive/work/chronotail.db 1000000 8 655360 raw smooth 4 append-8-series
/Users/hamzaplojovic/projects/startups/chronotail/bench/competitive/build/competitive append nanots /Users/hamzaplojovic/projects/startups/chronotail/bench/competitive/work/nanots.db 1000000 8 655360 raw smooth 4 append-8-series
/Users/hamzaplojovic/projects/startups/chronotail/bench/competitive/build/competitive append sqlite /Users/hamzaplojovic/projects/startups/chronotail/bench/competitive/work/sqlite.db 1000000 8 655360 raw smooth 4 append-8-series
/Users/hamzaplojovic/projects/startups/chronotail/bench/competitive/build/competitive query chronotail /Users/hamzaplojovic/projects/startups/chronotail/bench/competitive/work/chronotail.db 1000000 100000 1 raw 4 point-lookup-warm 4246
/Users/hamzaplojovic/projects/startups/chronotail/bench/competitive/build/competitive query nanots /Users/hamzaplojovic/projects/startups/chronotail/bench/competitive/work/nanots.db 1000000 100000 1 raw 4 point-lookup-warm 4246
/Users/hamzaplojovic/projects/startups/chronotail/bench/competitive/build/competitive query sqlite /Users/hamzaplojovic/projects/startups/chronotail/bench/competitive/work/sqlite.db 1000000 100000 1 raw 4 point-lookup-warm 4246
/Users/hamzaplojovic/projects/startups/chronotail/bench/competitive/build/competitive query chronotail /Users/hamzaplojovic/projects/startups/chronotail/bench/competitive/work/chronotail.db 1000000 100000 100 raw 4 range-100-raw-warm 5256
/Users/hamzaplojovic/projects/startups/chronotail/bench/competitive/build/competitive query nanots /Users/hamzaplojovic/projects/startups/chronotail/bench/competitive/work/nanots.db 1000000 100000 100 raw 4 range-100-raw-warm 5256
/Users/hamzaplojovic/projects/startups/chronotail/bench/competitive/build/competitive query sqlite /Users/hamzaplojovic/projects/startups/chronotail/bench/competitive/work/sqlite.db 1000000 100000 100 raw 4 range-100-raw-warm 5256
/Users/hamzaplojovic/projects/startups/chronotail/bench/competitive/build/competitive query chronotail /Users/hamzaplojovic/projects/startups/chronotail/bench/competitive/work/chronotail.db 1000000 100000 100 compressed 4 range-100-compressed-warm 5256
/Users/hamzaplojovic/projects/startups/chronotail/bench/competitive/build/competitive concurrent chronotail /Users/hamzaplojovic/projects/startups/chronotail/bench/competitive/work/chronotail.db 1 10 4 concurrent-1
/Users/hamzaplojovic/projects/startups/chronotail/bench/competitive/build/competitive concurrent nanots /Users/hamzaplojovic/projects/startups/chronotail/bench/competitive/work/nanots.db 1 10 4 concurrent-1
/Users/hamzaplojovic/projects/startups/chronotail/bench/competitive/build/competitive concurrent sqlite /Users/hamzaplojovic/projects/startups/chronotail/bench/competitive/work/sqlite.db 1 10 4 concurrent-1
/Users/hamzaplojovic/projects/startups/chronotail/bench/competitive/build/competitive concurrent chronotail /Users/hamzaplojovic/projects/startups/chronotail/bench/competitive/work/chronotail.db 8 10 4 concurrent-8
/Users/hamzaplojovic/projects/startups/chronotail/bench/competitive/build/competitive concurrent nanots /Users/hamzaplojovic/projects/startups/chronotail/bench/competitive/work/nanots.db 8 10 4 concurrent-8
/Users/hamzaplojovic/projects/startups/chronotail/bench/competitive/build/competitive concurrent sqlite /Users/hamzaplojovic/projects/startups/chronotail/bench/competitive/work/sqlite.db 8 10 4 concurrent-8
/Users/hamzaplojovic/projects/startups/chronotail/bench/competitive/build/competitive concurrent chronotail /Users/hamzaplojovic/projects/startups/chronotail/bench/competitive/work/chronotail.db 32 10 4 concurrent-32
/Users/hamzaplojovic/projects/startups/chronotail/bench/competitive/build/competitive concurrent nanots /Users/hamzaplojovic/projects/startups/chronotail/bench/competitive/work/nanots.db 32 10 4 concurrent-32
/Users/hamzaplojovic/projects/startups/chronotail/bench/competitive/build/competitive concurrent sqlite /Users/hamzaplojovic/projects/startups/chronotail/bench/competitive/work/sqlite.db 32 10 4 concurrent-32
/Users/hamzaplojovic/projects/startups/chronotail/bench/competitive/build/competitive append chronotail /Users/hamzaplojovic/projects/startups/chronotail/bench/competitive/work/ct-raw.db 10000000 1 0 raw smooth 4 storage-smooth-raw
/Users/hamzaplojovic/projects/startups/chronotail/bench/competitive/build/competitive append chronotail /Users/hamzaplojovic/projects/startups/chronotail/bench/competitive/work/ct-compressed.db 10000000 1 0 compressed smooth 4 storage-smooth-compressed
/Users/hamzaplojovic/projects/startups/chronotail/bench/competitive/build/competitive append nanots /Users/hamzaplojovic/projects/startups/chronotail/bench/competitive/work/nanots.db 10000000 1 0 raw smooth 4 storage-smooth
/Users/hamzaplojovic/projects/startups/chronotail/bench/competitive/build/competitive append sqlite /Users/hamzaplojovic/projects/startups/chronotail/bench/competitive/work/sqlite.db 10000000 1 0 raw smooth 4 storage-smooth
/Users/hamzaplojovic/projects/startups/chronotail/bench/competitive/build/competitive append chronotail /Users/hamzaplojovic/projects/startups/chronotail/bench/competitive/work/ct-raw.db 10000000 1 0 raw random 4 storage-random-raw
/Users/hamzaplojovic/projects/startups/chronotail/bench/competitive/build/competitive append chronotail /Users/hamzaplojovic/projects/startups/chronotail/bench/competitive/work/ct-compressed.db 10000000 1 0 compressed random 4 storage-random-compressed
/Users/hamzaplojovic/projects/startups/chronotail/bench/competitive/build/competitive append nanots /Users/hamzaplojovic/projects/startups/chronotail/bench/competitive/work/nanots.db 10000000 1 0 raw random 4 storage-random
/Users/hamzaplojovic/projects/startups/chronotail/bench/competitive/build/competitive append sqlite /Users/hamzaplojovic/projects/startups/chronotail/bench/competitive/work/sqlite.db 10000000 1 0 raw random 4 storage-random
/Users/hamzaplojovic/projects/startups/chronotail/bench/competitive/build/competitive append nanots /Users/hamzaplojovic/projects/startups/chronotail/bench/competitive/work/nanots.db 10000000 1 0 raw smooth 5 append-A-none
/Users/hamzaplojovic/projects/startups/chronotail/bench/competitive/build/competitive append sqlite /Users/hamzaplojovic/projects/startups/chronotail/bench/competitive/work/sqlite.db 10000000 1 0 raw smooth 5 append-A-none
/Users/hamzaplojovic/projects/startups/chronotail/bench/competitive/build/competitive append chronotail /Users/hamzaplojovic/projects/startups/chronotail/bench/competitive/work/chronotail.db 10000000 1 0 raw smooth 5 append-A-none
/Users/hamzaplojovic/projects/startups/chronotail/bench/competitive/build/competitive append nanots /Users/hamzaplojovic/projects/startups/chronotail/bench/competitive/work/nanots.db 10000000 1 655360 raw smooth 5 append-B-10MiB
/Users/hamzaplojovic/projects/startups/chronotail/bench/competitive/build/competitive append sqlite /Users/hamzaplojovic/projects/startups/chronotail/bench/competitive/work/sqlite.db 10000000 1 655360 raw smooth 5 append-B-10MiB
/Users/hamzaplojovic/projects/startups/chronotail/bench/competitive/build/competitive append chronotail /Users/hamzaplojovic/projects/startups/chronotail/bench/competitive/work/chronotail.db 10000000 1 655360 raw smooth 5 append-B-10MiB
/Users/hamzaplojovic/projects/startups/chronotail/bench/competitive/build/competitive append nanots /Users/hamzaplojovic/projects/startups/chronotail/bench/competitive/work/nanots.db 10000000 1 65536 raw smooth 5 append-C-1MiB
/Users/hamzaplojovic/projects/startups/chronotail/bench/competitive/build/competitive append sqlite /Users/hamzaplojovic/projects/startups/chronotail/bench/competitive/work/sqlite.db 10000000 1 65536 raw smooth 5 append-C-1MiB
/Users/hamzaplojovic/projects/startups/chronotail/bench/competitive/build/competitive append chronotail /Users/hamzaplojovic/projects/startups/chronotail/bench/competitive/work/chronotail.db 10000000 1 65536 raw smooth 5 append-C-1MiB
/Users/hamzaplojovic/projects/startups/chronotail/bench/competitive/build/competitive append nanots /Users/hamzaplojovic/projects/startups/chronotail/bench/competitive/work/nanots.db 1000000 8 655360 raw smooth 5 append-8-series
/Users/hamzaplojovic/projects/startups/chronotail/bench/competitive/build/competitive append sqlite /Users/hamzaplojovic/projects/startups/chronotail/bench/competitive/work/sqlite.db 1000000 8 655360 raw smooth 5 append-8-series
/Users/hamzaplojovic/projects/startups/chronotail/bench/competitive/build/competitive append chronotail /Users/hamzaplojovic/projects/startups/chronotail/bench/competitive/work/chronotail.db 1000000 8 655360 raw smooth 5 append-8-series
/Users/hamzaplojovic/projects/startups/chronotail/bench/competitive/build/competitive query nanots /Users/hamzaplojovic/projects/startups/chronotail/bench/competitive/work/nanots.db 1000000 100000 1 raw 5 point-lookup-warm 4247
/Users/hamzaplojovic/projects/startups/chronotail/bench/competitive/build/competitive query sqlite /Users/hamzaplojovic/projects/startups/chronotail/bench/competitive/work/sqlite.db 1000000 100000 1 raw 5 point-lookup-warm 4247
/Users/hamzaplojovic/projects/startups/chronotail/bench/competitive/build/competitive query chronotail /Users/hamzaplojovic/projects/startups/chronotail/bench/competitive/work/chronotail.db 1000000 100000 1 raw 5 point-lookup-warm 4247
/Users/hamzaplojovic/projects/startups/chronotail/bench/competitive/build/competitive query nanots /Users/hamzaplojovic/projects/startups/chronotail/bench/competitive/work/nanots.db 1000000 100000 100 raw 5 range-100-raw-warm 5257
/Users/hamzaplojovic/projects/startups/chronotail/bench/competitive/build/competitive query sqlite /Users/hamzaplojovic/projects/startups/chronotail/bench/competitive/work/sqlite.db 1000000 100000 100 raw 5 range-100-raw-warm 5257
/Users/hamzaplojovic/projects/startups/chronotail/bench/competitive/build/competitive query chronotail /Users/hamzaplojovic/projects/startups/chronotail/bench/competitive/work/chronotail.db 1000000 100000 100 raw 5 range-100-raw-warm 5257
/Users/hamzaplojovic/projects/startups/chronotail/bench/competitive/build/competitive query chronotail /Users/hamzaplojovic/projects/startups/chronotail/bench/competitive/work/chronotail.db 1000000 100000 100 compressed 5 range-100-compressed-warm 5257
/Users/hamzaplojovic/projects/startups/chronotail/bench/competitive/build/competitive concurrent nanots /Users/hamzaplojovic/projects/startups/chronotail/bench/competitive/work/nanots.db 1 10 5 concurrent-1
/Users/hamzaplojovic/projects/startups/chronotail/bench/competitive/build/competitive concurrent sqlite /Users/hamzaplojovic/projects/startups/chronotail/bench/competitive/work/sqlite.db 1 10 5 concurrent-1
/Users/hamzaplojovic/projects/startups/chronotail/bench/competitive/build/competitive concurrent chronotail /Users/hamzaplojovic/projects/startups/chronotail/bench/competitive/work/chronotail.db 1 10 5 concurrent-1
/Users/hamzaplojovic/projects/startups/chronotail/bench/competitive/build/competitive concurrent nanots /Users/hamzaplojovic/projects/startups/chronotail/bench/competitive/work/nanots.db 8 10 5 concurrent-8
/Users/hamzaplojovic/projects/startups/chronotail/bench/competitive/build/competitive concurrent sqlite /Users/hamzaplojovic/projects/startups/chronotail/bench/competitive/work/sqlite.db 8 10 5 concurrent-8
/Users/hamzaplojovic/projects/startups/chronotail/bench/competitive/build/competitive concurrent chronotail /Users/hamzaplojovic/projects/startups/chronotail/bench/competitive/work/chronotail.db 8 10 5 concurrent-8
/Users/hamzaplojovic/projects/startups/chronotail/bench/competitive/build/competitive concurrent nanots /Users/hamzaplojovic/projects/startups/chronotail/bench/competitive/work/nanots.db 32 10 5 concurrent-32
/Users/hamzaplojovic/projects/startups/chronotail/bench/competitive/build/competitive concurrent sqlite /Users/hamzaplojovic/projects/startups/chronotail/bench/competitive/work/sqlite.db 32 10 5 concurrent-32
/Users/hamzaplojovic/projects/startups/chronotail/bench/competitive/build/competitive concurrent chronotail /Users/hamzaplojovic/projects/startups/chronotail/bench/competitive/work/chronotail.db 32 10 5 concurrent-32
/Users/hamzaplojovic/projects/startups/chronotail/bench/competitive/build/competitive append chronotail /Users/hamzaplojovic/projects/startups/chronotail/bench/competitive/work/ct-raw.db 10000000 1 0 raw smooth 5 storage-smooth-raw
/Users/hamzaplojovic/projects/startups/chronotail/bench/competitive/build/competitive append chronotail /Users/hamzaplojovic/projects/startups/chronotail/bench/competitive/work/ct-compressed.db 10000000 1 0 compressed smooth 5 storage-smooth-compressed
/Users/hamzaplojovic/projects/startups/chronotail/bench/competitive/build/competitive append nanots /Users/hamzaplojovic/projects/startups/chronotail/bench/competitive/work/nanots.db 10000000 1 0 raw smooth 5 storage-smooth
/Users/hamzaplojovic/projects/startups/chronotail/bench/competitive/build/competitive append sqlite /Users/hamzaplojovic/projects/startups/chronotail/bench/competitive/work/sqlite.db 10000000 1 0 raw smooth 5 storage-smooth
/Users/hamzaplojovic/projects/startups/chronotail/bench/competitive/build/competitive append chronotail /Users/hamzaplojovic/projects/startups/chronotail/bench/competitive/work/ct-raw.db 10000000 1 0 raw random 5 storage-random-raw
/Users/hamzaplojovic/projects/startups/chronotail/bench/competitive/build/competitive append chronotail /Users/hamzaplojovic/projects/startups/chronotail/bench/competitive/work/ct-compressed.db 10000000 1 0 compressed random 5 storage-random-compressed
/Users/hamzaplojovic/projects/startups/chronotail/bench/competitive/build/competitive append nanots /Users/hamzaplojovic/projects/startups/chronotail/bench/competitive/work/nanots.db 10000000 1 0 raw random 5 storage-random
/Users/hamzaplojovic/projects/startups/chronotail/bench/competitive/build/competitive append sqlite /Users/hamzaplojovic/projects/startups/chronotail/bench/competitive/work/sqlite.db 10000000 1 0 raw random 5 storage-random
